// Jest Snapshot v1, https://goo.gl/fbAQLP

exports[`TheHeaderDropdownAccnt.vue renders correctly 1`] = `
<cdropdown-stub
  addmenuclasses="pt-0"
  caret="true"
  class="c-header-nav-items"
  flip="true"
  innav="true"
  offset="0,0"
  placement="bottom-end"
  togglertext="Dropdown"
>
   
  <cdropdownheader-stub
    class="text-center"
    color="light"
    tag="div"
  >
    <strong>
      Account
    </strong>
  </cdropdownheader-stub>
   
  <cdropdownitem-stub
    activeclass="router-link-active"
    event="click"
    exactactiveclass="router-link-exact-active"
    routertag="a"
    target="_self"
  >
    <cicon-stub
      name="cil-bell"
    />
     Updates
    
    <cbadge-stub
      activeclass="router-link-active"
      class="mfs-auto"
      color="info"
      event="click"
      exactactiveclass="router-link-exact-active"
      routertag="a"
      tag="span"
      target="_self"
    >
      42
    </cbadge-stub>
  </cdropdownitem-stub>
   
  <cdropdownitem-stub
    activeclass="router-link-active"
    event="click"
    exactactiveclass="router-link-exact-active"
    routertag="a"
    target="_self"
  >
    <cicon-stub
      name="cil-envelope-open"
    />
     Messages
    
    <cbadge-stub
      activeclass="router-link-active"
      class="mfs-auto"
      color="success"
      event="click"
      exactactiveclass="router-link-exact-active"
      routertag="a"
      tag="span"
      target="_self"
    >
      42
    </cbadge-stub>
  </cdropdownitem-stub>
   
  <cdropdownitem-stub
    activeclass="router-link-active"
    event="click"
    exactactiveclass="router-link-exact-active"
    routertag="a"
    target="_self"
  >
    <cicon-stub
      name="cil-task"
    />
     Tasks
    
    <cbadge-stub
      activeclass="router-link-active"
      class="mfs-auto"
      color="danger"
      event="click"
      exactactiveclass="router-link-exact-active"
      routertag="a"
      tag="span"
      target="_self"
    >
      42
    </cbadge-stub>
  </cdropdownitem-stub>
   
  <cdropdownitem-stub
    activeclass="router-link-active"
    event="click"
    exactactiveclass="router-link-exact-active"
    routertag="a"
    target="_self"
  >
    <cicon-stub
      name="cil-comment-square"
    />
     Comments
    
    <cbadge-stub
      activeclass="router-link-active"
      class="mfs-auto"
      color="warning"
      event="click"
      exactactiveclass="router-link-exact-active"
      routertag="a"
      tag="span"
      target="_self"
    >
      42
    </cbadge-stub>
  </cdropdownitem-stub>
   
  <cdropdownheader-stub
    class="text-center"
    color="light"
    tag="div"
  >
    <strong>
      Settings
    </strong>
  </cdropdownheader-stub>
   
  <cdropdownitem-stub
    activeclass="router-link-active"
    event="click"
    exactactiveclass="router-link-exact-active"
    routertag="a"
    target="_self"
  >
    <cicon-stub
      name="cil-user"
    />
     Profile
  
  </cdropdownitem-stub>
   
  <cdropdownitem-stub
    activeclass="router-link-active"
    event="click"
    exactactiveclass="router-link-exact-active"
    routertag="a"
    target="_self"
  >
    <cicon-stub
      name="cil-settings"
    />
     Settings
  
  </cdropdownitem-stub>
   
  <cdropdownitem-stub
    activeclass="router-link-active"
    event="click"
    exactactiveclass="router-link-exact-active"
    routertag="a"
    target="_self"
  >
    <cicon-stub
      name="cil-dollar"
    />
     Payments
    
    <cbadge-stub
      activeclass="router-link-active"
      class="mfs-auto"
      color="secondary"
      event="click"
      exactactiveclass="router-link-exact-active"
      routertag="a"
      tag="span"
      target="_self"
    >
      42
    </cbadge-stub>
  </cdropdownitem-stub>
   
  <cdropdownitem-stub
    activeclass="router-link-active"
    event="click"
    exactactiveclass="router-link-exact-active"
    routertag="a"
    target="_self"
  >
    <cicon-stub
      name="cil-file"
    />
     Projects
    
    <cbadge-stub
      activeclass="router-link-active"
      class="mfs-auto"
      color="primary"
      event="click"
      exactactiveclass="router-link-exact-active"
      routertag="a"
      tag="span"
      target="_self"
    >
      42
    </cbadge-stub>
  </cdropdownitem-stub>
   
  <cdropdowndivider-stub
    tag="div"
  />
   
  <cdropdownitem-stub
    activeclass="router-link-active"
    event="click"
    exactactiveclass="router-link-exact-active"
    routertag="a"
    target="_self"
  >
    <cicon-stub
      name="cil-shield-alt"
    />
     Lock Account
  
  </cdropdownitem-stub>
   
  <cdropdownitem-stub
    activeclass="router-link-active"
    event="click"
    exactactiveclass="router-link-exact-active"
    routertag="a"
    target="_self"
  >
    <cicon-stub
      name="cil-lock-locked"
    />
     Logout
  
  </cdropdownitem-stub>
</cdropdown-stub>
`;
