// Jest Snapshot v1, https://goo.gl/fbAQLP

exports[`Carousels.vue renders correctly 1`] = `
<div
  class="row"
>
  <div
    class="col-md-12 col-lg-7"
  >
    <div
      class="card"
    >
      <header
        class="card-header"
      >
        <svg
          class="c-icon"
          role="img"
          viewBox="0 0 64 64"
          xmlns="http://www.w3.org/2000/svg"
        >
          undefined
        </svg>
         
        <strong>
           Bootstrap Carousel
        </strong>
         
        <div
          class="card-header-actions"
        >
          <a
            class="card-header-action"
            href="https://coreui.io/vue/docs/components/carousel"
            rel="noreferrer noopener"
            target="_blank"
          >
            <small
              class="text-muted"
            >
              docs
            </small>
          </a>
        </div>
      </header>
       
      <div
        class="card-body"
      >
        <div
          class="carousel slide"
          data-v-10009e0d=""
          style="height: 400px;"
        >
          <ol
            class="carousel-indicators"
            data-v-10009e0d=""
          />
          <div
            class="carousel-inner"
            data-v-10009e0d=""
          >
            <div
              class="carousel-item"
              data-v-10009e0d=""
            >
              <img
                class="d-block w-100 h-100 img-fluid"
                src="https://picsum.photos/1024/480/?image=52"
              />
              <div
                class="carousel-caption"
              >
                <h3>
                  First Slide
                </h3>
                <p>
                  Nulla vitae elit libero, a pharetra augue mollis interdum.
                </p>
              </div>
            </div>
             
            <div
              class="carousel-item"
              data-v-10009e0d=""
            >
              <svg
                class="d-block w-100 h-100 img-fluid"
                style="background-color: grey;"
              />
              <div
                class="carousel-caption"
              >
                <h3>
                  Blank page
                </h3>
                <p>
                  Nulla vitae elit libero, a pharetra augue mollis interdum.
                </p>
              </div>
            </div>
             
            <div
              class="carousel-item"
              data-v-10009e0d=""
            >
              <img
                class="d-block w-100 h-100 img-fluid"
                src="https://picsum.photos/1024/480/?image=54"
              />
              <!---->
            </div>
          </div>
          <a
            class="carousel-control-prev"
            data-v-10009e0d=""
          >
            <span
              aria-label="Previous"
              class="carousel-control-prev-icon"
              data-v-10009e0d=""
            />
          </a>
          <a
            class="carousel-control-next"
            data-v-10009e0d=""
          >
            <span
              aria-label="Next"
              class="carousel-control-next-icon"
              data-v-10009e0d=""
            />
          </a>
        </div>
      </div>
    </div>
  </div>
</div>
`;
