// Jest Snapshot v1, https://goo.gl/fbAQLP

exports[`Collapses.vue renders correctly 1`] = `
<div
  class="row"
>
  <div
    class="col-12 col-md-6"
  >
    <div
      class="card"
    >
      <header
        class="card-header"
      >
        <svg
          class="c-icon"
          role="img"
          viewBox="0 0 64 64"
          xmlns="http://www.w3.org/2000/svg"
        >
          undefined
        </svg>
         
        <strong>
           Bootstrap Collapse 
        </strong>
         
        <div
          class="card-header-actions"
        >
          <a
            class="card-header-action"
            href="https://coreui.io/vue/docs/components/collapse"
            rel="noreferrer noopener"
            target="_blank"
          >
            <small
              class="text-muted"
            >
              docs
            </small>
          </a>
        </div>
      </header>
       
      <div
        class="card-body"
      >
        <button
          class="btn mb-2 btn-primary"
          type="button"
        >
          
          Toggle Collapse
        
        </button>
         
        <div
          class=""
          style="display: none;"
        >
          <div
            class="card"
          >
            <div
              class="card-body"
            >
              <p
                class="card-text"
              >
                Collapse contents Here
              </p>
               
              <button
                class="btn btn-secondary btn-sm"
                type="button"
              >
                
              Toggle Inner Collapse
            
              </button>
               
              <div
                class="mt-2"
                style="display: none;"
              >
                <div
                  class="card"
                >
                  <div
                    class="card-body"
                  >
                    Hello!
                  </div>
                </div>
              </div>
            </div>
          </div>
        </div>
      </div>
    </div>
  </div>
   
  <div
    class="col-12 col-md-6"
  >
    <div
      class="card"
    >
      <button
        class="btn text-left shadow-none card-header btn-link btn-block"
        tag="button"
        type="button"
      >
        <h5
          class="m-0"
        >
          Collapsible card
        </h5>
      </button>
       
      <div
        class=""
      >
        <div
          class="card-body m-1"
        >
          
          
        Anim pariatur cliche reprehenderit, enim eiusmod high life accusamus terry
        richardson ad squid. 3 wolf moon officia aute, non cupidatat skateboard dolor
        brunch. Food truck quinoa nesciunt laborum eiusmod. Brunch 3 wolf moon
        tempor, sunt aliqua put a bird on it squid single-origin coffee nulla
        assumenda shoreditch et. Nihil anim keffiyeh helvetica, craft beer labore
        wes anderson cred nesciunt sapiente ea proident. Ad vegan excepteur butcher
        vice lomo. Leggings occaecat craft beer farm-to-table, raw denim aesthetic
        synth nesciunt you probably haven't heard of them accusamus labore VHS.
      
        
        </div>
      </div>
    </div>
  </div>
   
  <div
    class="col-xl-6"
  >
    <div
      class="card"
    >
      <header
        class="card-header"
      >
        
        Collapse
        
        <small>
           accordion
        </small>
      </header>
       
      <div
        class="card-body"
      >
        <div>
          <div
            class="card mb-0"
          >
            <button
              class="btn text-left shadow-none card-header btn-link btn-block"
              type="button"
            >
              <h5
                class="m-0"
              >
                Collapsible Group Item #1
              </h5>
            </button>
             
            <div
              class=""
            >
              <div
                class="card-body"
              >
                
                1. Anim pariatur cliche reprehenderit, enim eiusmod high life accusamus terry richardson ad squid. 3 wolf moon officia aute, non
                cupidatat skateboard dolor brunch. Food truck quinoa nesciunt laborum eiusmod. Brunch 3 wolf moon tempor, sunt aliqua put a bird
                on it squid single-origin coffee nulla assumenda shoreditch et. Nihil anim keffiyeh helvetica, craft beer labore wes anderson cred
                nesciunt sapiente ea proident. Ad vegan excepteur butcher vice lomo. Leggings occaecat craft
                beer farm-to-table, raw denim aesthetic synth nesciunt you probably haven''t heard of them accusamus labore sustainable VHS.
              
              </div>
            </div>
          </div>
           
          <div
            class="card mb-0"
          >
            <button
              class="btn text-left shadow-none card-header btn-link btn-block"
              type="button"
            >
              <h5
                class="m-0"
              >
                Collapsible Group Item #2
              </h5>
            </button>
             
            <div
              class=""
              style="display: none;"
            >
              <div
                class="card-body"
              >
                
                2. Anim pariatur cliche reprehenderit, enim eiusmod high life accusamus terry richardson ad squid. 3 wolf moon officia aute, non
                cupidatat skateboard dolor brunch. Food truck quinoa nesciunt laborum eiusmod. Brunch 3 wolf moon tempor, sunt aliqua put a bird
                on it squid single-origin coffee nulla assumenda shoreditch et. Nihil anim keffiyeh helvetica, craft beer labore wes anderson cred
                nesciunt sapiente ea proident. Ad vegan excepteur butcher vice lomo. Leggings occaecat craft
                beer farm-to-table, raw denim aesthetic synth nesciunt you probably haven''t heard of them accusamus labore sustainable VHS.
              
              </div>
            </div>
          </div>
           
          <div
            class="card mb-0"
          >
            <button
              class="btn text-left shadow-none card-header btn-link btn-block"
              type="button"
            >
              <h5
                class="m-0"
              >
                Collapsible Group Item #3
              </h5>
            </button>
             
            <div
              class=""
              style="display: none;"
            >
              <div
                class="card-body"
              >
                
                3. Anim pariatur cliche reprehenderit, enim eiusmod high life accusamus terry richardson ad squid. 3 wolf moon officia aute, non
                cupidatat skateboard dolor brunch. Food truck quinoa nesciunt laborum eiusmod. Brunch 3 wolf moon tempor, sunt aliqua put a bird
                on it squid single-origin coffee nulla assumenda shoreditch et. Nihil anim keffiyeh helvetica, craft beer labore wes anderson cred
                nesciunt sapiente ea proident. Ad vegan excepteur butcher vice lomo. Leggings occaecat craft
                beer farm-to-table, raw denim aesthetic synth nesciunt you probably havent heard of them accusamus labore sustainable VHS.
              
              </div>
            </div>
          </div>
        </div>
      </div>
    </div>
  </div>
</div>
`;
