// Jest Snapshot v1, https://goo.gl/fbAQLP

exports[`Navs.vue renders correctly 1`] = `
<div>
  <ccard-stub>
    <ccardheader-stub>
      <cicon-stub
        name="cil-justify-center"
      />
      <strong>
         Bootstrap Navs
      </strong>
       
      <div
        class="card-header-actions"
      >
        <a
          class="card-header-action"
          href="https://coreui.io/vue/docs/components/nav"
          rel="noreferrer noopener"
          target="_blank"
        >
          <small
            class="text-muted"
          >
            docs
          </small>
        </a>
      </div>
    </ccardheader-stub>
     
    <ccardbody-stub>
      <cnav-stub>
        <cnavitem-stub
          active="true"
          activeclass="router-link-active"
          event="click"
          exactactiveclass="router-link-exact-active"
          routertag="a"
          target="_self"
        >
          Active
        </cnavitem-stub>
         
        <cnavitem-stub
          activeclass="router-link-active"
          event="click"
          exactactiveclass="router-link-exact-active"
          routertag="a"
          target="_self"
          title="Link"
        />
         
        <cnavitem-stub
          activeclass="router-link-active"
          event="click"
          exactactiveclass="router-link-exact-active"
          routertag="a"
          target="_self"
        >
          Another Link
        </cnavitem-stub>
         
        <cnavitem-stub
          activeclass="router-link-active"
          disabled="true"
          event="click"
          exactactiveclass="router-link-exact-active"
          routertag="a"
          target="_self"
        >
          Disabled
        </cnavitem-stub>
      </cnav-stub>
    </ccardbody-stub>
  </ccard-stub>
   
  <ccard-stub>
    <ccardheader-stub>
      <cicon-stub
        name="cil-justify-center"
      />
       
      <strong>
         Bootstrap Navs 
      </strong>
       
      <small>
        icons
      </small>
    </ccardheader-stub>
     
    <ccardbody-stub>
      <cnav-stub
        variant="pills"
      >
        <cnavitem-stub
          active="true"
          activeclass="router-link-active"
          event="click"
          exactactiveclass="router-link-exact-active"
          routertag="a"
          target="_self"
        >
          <cicon-stub
            name="cil-basket"
          />
        </cnavitem-stub>
         
        <cnavitem-stub
          activeclass="router-link-active"
          event="click"
          exactactiveclass="router-link-exact-active"
          routertag="a"
          target="_self"
        >
          <cicon-stub
            name="cil-settings"
          />
        </cnavitem-stub>
         
        <cnavitem-stub
          activeclass="router-link-active"
          event="click"
          exactactiveclass="router-link-exact-active"
          routertag="a"
          target="_self"
        >
          <cicon-stub
            name="cil-bell"
          />
        </cnavitem-stub>
         
        <cnavitem-stub
          activeclass="router-link-active"
          disabled="true"
          event="click"
          exactactiveclass="router-link-exact-active"
          routertag="a"
          target="_self"
        >
          <cicon-stub
            name="cil-envelope-closed"
          />
        </cnavitem-stub>
      </cnav-stub>
    </ccardbody-stub>
  </ccard-stub>
   
  <ccard-stub>
    <ccardheader-stub>
      <cicon-stub
        name="cil-justify-center"
      />
       
      <strong>
         Bootstrap Navs 
      </strong>
       
      <small>
        tab style
      </small>
    </ccardheader-stub>
     
    <ccardbody-stub>
      <cnav-stub
        variant="tabs"
      >
        <cnavitem-stub
          active="true"
          activeclass="router-link-active"
          event="click"
          exactactiveclass="router-link-exact-active"
          routertag="a"
          target="_self"
        >
          
          Active
        
        </cnavitem-stub>
         
        <cnavitem-stub
          activeclass="router-link-active"
          event="click"
          exactactiveclass="router-link-exact-active"
          routertag="a"
          target="_self"
        >
          
          Link
        
        </cnavitem-stub>
         
        <cnavitem-stub
          activeclass="router-link-active"
          event="click"
          exactactiveclass="router-link-exact-active"
          routertag="a"
          target="_self"
        >
          
          Another Link
        
        </cnavitem-stub>
         
        <cnavitem-stub
          activeclass="router-link-active"
          disabled="true"
          event="click"
          exactactiveclass="router-link-exact-active"
          routertag="a"
          target="_self"
        >
          Disabled
        </cnavitem-stub>
      </cnav-stub>
    </ccardbody-stub>
  </ccard-stub>
   
  <ccard-stub>
    <ccardheader-stub>
      <cicon-stub
        name="cil-justify-center"
      />
       
      <strong>
         Bootstrap Navs 
      </strong>
       
      <small>
        pill style
      </small>
    </ccardheader-stub>
     
    <ccardbody-stub>
      <cnav-stub
        variant="pills"
      >
        <cnavitem-stub
          active="true"
          activeclass="router-link-active"
          event="click"
          exactactiveclass="router-link-exact-active"
          routertag="a"
          target="_self"
        >
          Active
        </cnavitem-stub>
         
        <cnavitem-stub
          activeclass="router-link-active"
          event="click"
          exactactiveclass="router-link-exact-active"
          routertag="a"
          target="_self"
        >
          Link
        </cnavitem-stub>
         
        <cnavitem-stub
          activeclass="router-link-active"
          event="click"
          exactactiveclass="router-link-exact-active"
          routertag="a"
          target="_self"
        >
          Another Link
        </cnavitem-stub>
         
        <cnavitem-stub
          activeclass="router-link-active"
          disabled="true"
          event="click"
          exactactiveclass="router-link-exact-active"
          routertag="a"
          target="_self"
        >
          Disabled
        </cnavitem-stub>
      </cnav-stub>
    </ccardbody-stub>
  </ccard-stub>
   
  <ccard-stub>
    <ccardheader-stub>
      <cicon-stub
        name="cil-justify-center"
      />
       
      <strong>
         Bootstrap Navs 
      </strong>
       
      <small>
        fill tabs
      </small>
    </ccardheader-stub>
     
    <ccardbody-stub>
      <cnav-stub
        fill="true"
        variant="tabs"
      >
        <cnavitem-stub
          active="true"
          activeclass="router-link-active"
          event="click"
          exactactiveclass="router-link-exact-active"
          routertag="a"
          target="_self"
        >
          Active
        </cnavitem-stub>
         
        <cnavitem-stub
          activeclass="router-link-active"
          event="click"
          exactactiveclass="router-link-exact-active"
          routertag="a"
          target="_self"
        >
          Link
        </cnavitem-stub>
         
        <cnavitem-stub
          activeclass="router-link-active"
          event="click"
          exactactiveclass="router-link-exact-active"
          routertag="a"
          target="_self"
        >
          Link with a long name 
        </cnavitem-stub>
         
        <cnavitem-stub
          activeclass="router-link-active"
          disabled="true"
          event="click"
          exactactiveclass="router-link-exact-active"
          routertag="a"
          target="_self"
        >
          Disabled
        </cnavitem-stub>
      </cnav-stub>
    </ccardbody-stub>
  </ccard-stub>
   
  <ccard-stub>
    <ccardheader-stub>
      <cicon-stub
        name="cil-justify-center"
      />
       
      <strong>
         Bootstrap Navs 
      </strong>
       
      <small>
        justified tabs
      </small>
    </ccardheader-stub>
     
    <ccardbody-stub>
      <cnav-stub
        justified="true"
        variant="tabs"
      >
        <cnavitem-stub
          active="true"
          activeclass="router-link-active"
          event="click"
          exactactiveclass="router-link-exact-active"
          routertag="a"
          target="_self"
        >
          Active
        </cnavitem-stub>
         
        <cnavitem-stub
          activeclass="router-link-active"
          event="click"
          exactactiveclass="router-link-exact-active"
          routertag="a"
          target="_self"
        >
          Link
        </cnavitem-stub>
         
        <cnavitem-stub
          activeclass="router-link-active"
          event="click"
          exactactiveclass="router-link-exact-active"
          routertag="a"
          target="_self"
        >
          Link with a long name 
        </cnavitem-stub>
         
        <cnavitem-stub
          activeclass="router-link-active"
          disabled="true"
          event="click"
          exactactiveclass="router-link-exact-active"
          routertag="a"
          target="_self"
        >
          Disabled
        </cnavitem-stub>
      </cnav-stub>
    </ccardbody-stub>
  </ccard-stub>
   
  <ccard-stub>
    <ccardheader-stub>
      <cicon-stub
        name="cil-justify-center"
      />
       
      <strong>
         Bootstrap Navs 
      </strong>
       
      <small>
        dropdown support
      </small>
    </ccardheader-stub>
     
    <ccardbody-stub>
      <cnav-stub
        variant="pills"
      >
        <cnavitem-stub
          activeclass="router-link-active"
          event="click"
          exactactiveclass="router-link-exact-active"
          routertag="a"
          target="_self"
        >
          Active
        </cnavitem-stub>
         
        <cnavitem-stub
          activeclass="router-link-active"
          event="click"
          exactactiveclass="router-link-exact-active"
          routertag="a"
          target="_self"
        >
          Link
        </cnavitem-stub>
         
        <cdropdown-stub
          button-content="Dropdown"
          caret="true"
          flip="true"
          innav="true"
          offset="0,0"
          placement="bottom-end"
          togglertext="Dropdown"
        >
          <cdropdownitem-stub
            activeclass="router-link-active"
            event="click"
            exactactiveclass="router-link-exact-active"
            routertag="a"
            target="_self"
          >
            one
          </cdropdownitem-stub>
           
          <cdropdownitem-stub
            activeclass="router-link-active"
            event="click"
            exactactiveclass="router-link-exact-active"
            routertag="a"
            target="_self"
          >
            two
          </cdropdownitem-stub>
           
          <cdropdowndivider-stub
            tag="div"
          />
           
          <cdropdownitem-stub
            activeclass="router-link-active"
            event="click"
            exactactiveclass="router-link-exact-active"
            routertag="a"
            target="_self"
          >
            three
          </cdropdownitem-stub>
        </cdropdown-stub>
      </cnav-stub>
    </ccardbody-stub>
  </ccard-stub>
   
  <ccard-stub>
    <ccardheader-stub>
      <cicon-stub
        name="cil-justify-center"
      />
       
      <strong>
         Bootstrap Navs 
      </strong>
       
      <small>
        vertical variation
      </small>
    </ccardheader-stub>
     
    <ccardbody-stub>
      <crow-stub
        gutters="true"
        tag="div"
      >
        <ccol-stub
          class="m-0"
          col="12"
          tag="div"
        >
          <cnav-stub
            pills=""
            vertical="lg"
          >
            <cnavitem-stub
              active="true"
              activeclass="router-link-active"
              event="click"
              exactactiveclass="router-link-exact-active"
              routertag="a"
              target="_self"
            >
              Active
            </cnavitem-stub>
             
            <cnavitem-stub
              activeclass="router-link-active"
              event="click"
              exactactiveclass="router-link-exact-active"
              routertag="a"
              target="_self"
            >
              Link
            </cnavitem-stub>
             
            <cnavitem-stub
              activeclass="router-link-active"
              event="click"
              exactactiveclass="router-link-exact-active"
              routertag="a"
              target="_self"
            >
              Another Link
            </cnavitem-stub>
             
            <cnavitem-stub
              activeclass="router-link-active"
              disabled="true"
              event="click"
              exactactiveclass="router-link-exact-active"
              routertag="a"
              target="_self"
            >
              Disabled
            </cnavitem-stub>
          </cnav-stub>
        </ccol-stub>
      </crow-stub>
    </ccardbody-stub>
  </ccard-stub>
</div>
`;
